---------------------------------------
Begin Slurm Prolog: Feb-12-2026 21:04:44
Job ID:    4075035
User ID:   klobo8
Account:   coc
Job name:  ppo_halfcheetah
Partition: coe-gpu
QOS:       coe-ice
---------------------------------------
Starting training at Thu Feb 12 21:04:47 EST 2026
Running on atl1-1-03-010-10-0.pace.gatech.edu
Finished at Thu Feb 12 21:04:48 EST 2026
---------------------------------------
Begin Slurm Epilog: Feb-12-2026 21:04:48
Job ID:        4075035
User ID:       klobo8
Account:       coc
Job name:      ppo_halfcheetah
Resources:     cpu=8,gres/gpu:h100=1,mem=32G,node=1
Rsrc Used:     cput=00:00:32,vmem=0,walltime=00:00:04,mem=13432K,energy_used=0
Partition:     coe-gpu
QOS:           coe-ice
Nodes:         atl1-1-03-010-10-0
---------------------------------------
