/storage/ice1/1/9/adantuluri7/mujoco_gp_vip/rl/lib64/python3.9/site-packages/gymnasium/envs/registration.py:519: DeprecationWarning: [33mWARN: The environment HalfCheetah-v4 is out of date. You should consider upgrading to version `v5`.[0m
  logger.deprecation(
/storage/ice1/1/9/adantuluri7/mujoco_gp_vip/rl/lib64/python3.9/site-packages/gymnasium/envs/registration.py:519: DeprecationWarning: [33mWARN: The environment HalfCheetah-v4 is out of date. You should consider upgrading to version `v5`.[0m
  logger.deprecation(
Process ForkServerProcess-8:
Process ForkServerProcess-2:
Traceback (most recent call last):
  File "/storage/ice1/1/9/adantuluri7/mujoco_gp_vip/rl/lib64/python3.9/site-packages/gymnasium/envs/mujoco/mujoco_env.py", line 13, in <module>
    import mujoco
ModuleNotFoundError: No module named 'mujoco'

The above exception was the direct cause of the following exception:

Traceback (most recent call last):
Traceback (most recent call last):
  File "/usr/lib64/python3.9/multiprocessing/process.py", line 315, in _bootstrap
    self.run()
  File "/usr/lib64/python3.9/multiprocessing/process.py", line 108, in run
    self._target(*self._args, **self._kwargs)
  File "/storage/ice1/1/9/adantuluri7/mujoco_gp_vip/rl/lib64/python3.9/site-packages/gymnasium/envs/mujoco/mujoco_env.py", line 13, in <module>
    import mujoco
  File "/storage/ice1/1/9/adantuluri7/mujoco_gp_vip/rl/lib64/python3.9/site-packages/stable_baselines3/common/vec_env/subproc_vec_env.py", line 29, in _worker
    env = _patch_env(env_fn_wrapper.var())
  File "/storage/ice1/1/9/adantuluri7/mujoco_gp_vip/train.py", line 11, in _init
    env = gym.make("HalfCheetah-v4")
ModuleNotFoundError: No module named 'mujoco'
  File "/storage/ice1/1/9/adantuluri7/mujoco_gp_vip/rl/lib64/python3.9/site-packages/gymnasium/envs/registration.py", line 704, in make
    env_creator = load_env_creator(env_spec.entry_point)

The above exception was the direct cause of the following exception:

  File "/storage/ice1/1/9/adantuluri7/mujoco_gp_vip/rl/lib64/python3.9/site-packages/gymnasium/envs/registration.py", line 551, in load_env_creator
    mod = importlib.import_module(mod_name)
Traceback (most recent call last):
  File "/usr/lib64/python3.9/importlib/__init__.py", line 127, in import_module
    return _bootstrap._gcd_import(name[level:], package, level)
  File "<frozen importlib._bootstrap>", line 1030, in _gcd_import
  File "<frozen importlib._bootstrap>", line 1007, in _find_and_load
  File "<frozen importlib._bootstrap>", line 972, in _find_and_load_unlocked
  File "<frozen importlib._bootstrap>", line 228, in _call_with_frames_removed
  File "<frozen importlib._bootstrap>", line 1030, in _gcd_import
  File "/usr/lib64/python3.9/multiprocessing/process.py", line 315, in _bootstrap
    self.run()
  File "<frozen importlib._bootstrap>", line 1007, in _find_and_load
  File "/usr/lib64/python3.9/multiprocessing/process.py", line 108, in run
    self._target(*self._args, **self._kwargs)
  File "<frozen importlib._bootstrap>", line 986, in _find_and_load_unlocked
  File "/storage/ice1/1/9/adantuluri7/mujoco_gp_vip/rl/lib64/python3.9/site-packages/stable_baselines3/common/vec_env/subproc_vec_env.py", line 29, in _worker
    env = _patch_env(env_fn_wrapper.var())
  File "<frozen importlib._bootstrap>", line 680, in _load_unlocked
  File "/storage/ice1/1/9/adantuluri7/mujoco_gp_vip/train.py", line 11, in _init
    env = gym.make("HalfCheetah-v4")
  File "<frozen importlib._bootstrap_external>", line 850, in exec_module
  File "/storage/ice1/1/9/adantuluri7/mujoco_gp_vip/rl/lib64/python3.9/site-packages/gymnasium/envs/registration.py", line 704, in make
    env_creator = load_env_creator(env_spec.entry_point)
  File "<frozen importlib._bootstrap>", line 228, in _call_with_frames_removed
  File "/storage/ice1/1/9/adantuluri7/mujoco_gp_vip/rl/lib64/python3.9/site-packages/gymnasium/envs/registration.py", line 551, in load_env_creator
    mod = importlib.import_module(mod_name)
  File "/storage/ice1/1/9/adantuluri7/mujoco_gp_vip/rl/lib64/python3.9/site-packages/gymnasium/envs/mujoco/__init__.py", line 1, in <module>
    from gymnasium.envs.mujoco.mujoco_env import MujocoEnv
  File "/usr/lib64/python3.9/importlib/__init__.py", line 127, in import_module
    return _bootstrap._gcd_import(name[level:], package, level)
  File "/storage/ice1/1/9/adantuluri7/mujoco_gp_vip/rl/lib64/python3.9/site-packages/gymnasium/envs/mujoco/mujoco_env.py", line 15, in <module>
    raise error.DependencyNotInstalled(
  File "<frozen importlib._bootstrap>", line 1030, in _gcd_import
gymnasium.error.DependencyNotInstalled: MuJoCo is not installed, run `pip install "gymnasium[mujoco]"`
  File "<frozen importlib._bootstrap>", line 1007, in _find_and_load
  File "<frozen importlib._bootstrap>", line 972, in _find_and_load_unlocked
  File "<frozen importlib._bootstrap>", line 228, in _call_with_frames_removed
  File "<frozen importlib._bootstrap>", line 1030, in _gcd_import
  File "<frozen importlib._bootstrap>", line 1007, in _find_and_load
  File "<frozen importlib._bootstrap>", line 986, in _find_and_load_unlocked
  File "<frozen importlib._bootstrap>", line 680, in _load_unlocked
  File "<frozen importlib._bootstrap_external>", line 850, in exec_module
  File "<frozen importlib._bootstrap>", line 228, in _call_with_frames_removed
  File "/storage/ice1/1/9/adantuluri7/mujoco_gp_vip/rl/lib64/python3.9/site-packages/gymnasium/envs/mujoco/__init__.py", line 1, in <module>
    from gymnasium.envs.mujoco.mujoco_env import MujocoEnv
  File "/storage/ice1/1/9/adantuluri7/mujoco_gp_vip/rl/lib64/python3.9/site-packages/gymnasium/envs/mujoco/mujoco_env.py", line 15, in <module>
    raise error.DependencyNotInstalled(
gymnasium.error.DependencyNotInstalled: MuJoCo is not installed, run `pip install "gymnasium[mujoco]"`
/storage/ice1/1/9/adantuluri7/mujoco_gp_vip/rl/lib64/python3.9/site-packages/gymnasium/envs/registration.py:519: DeprecationWarning: [33mWARN: The environment HalfCheetah-v4 is out of date. You should consider upgrading to version `v5`.[0m
  logger.deprecation(
/storage/ice1/1/9/adantuluri7/mujoco_gp_vip/rl/lib64/python3.9/site-packages/gymnasium/envs/registration.py:519: DeprecationWarning: [33mWARN: The environment HalfCheetah-v4 is out of date. You should consider upgrading to version `v5`.[0m
  logger.deprecation(
/storage/ice1/1/9/adantuluri7/mujoco_gp_vip/rl/lib64/python3.9/site-packages/gymnasium/envs/registration.py:519: DeprecationWarning: [33mWARN: The environment HalfCheetah-v4 is out of date. You should consider upgrading to version `v5`.[0m
  logger.deprecation(
/storage/ice1/1/9/adantuluri7/mujoco_gp_vip/rl/lib64/python3.9/site-packages/gymnasium/envs/registration.py:519: DeprecationWarning: [33mWARN: The environment HalfCheetah-v4 is out of date. You should consider upgrading to version `v5`.[0m
  logger.deprecation(
/storage/ice1/1/9/adantuluri7/mujoco_gp_vip/rl/lib64/python3.9/site-packages/gymnasium/envs/registration.py:519: DeprecationWarning: [33mWARN: The environment HalfCheetah-v4 is out of date. You should consider upgrading to version `v5`.[0m
  logger.deprecation(
Process ForkServerProcess-1:
/storage/ice1/1/9/adantuluri7/mujoco_gp_vip/rl/lib64/python3.9/site-packages/gymnasium/envs/registration.py:519: DeprecationWarning: [33mWARN: The environment HalfCheetah-v4 is out of date. You should consider upgrading to version `v5`.[0m
  logger.deprecation(
Process ForkServerProcess-7:
Process ForkServerProcess-6:
Process ForkServerProcess-4:
Process ForkServerProcess-3:
Traceback (most recent call last):
  File "/storage/ice1/1/9/adantuluri7/mujoco_gp_vip/rl/lib64/python3.9/site-packages/gymnasium/envs/mujoco/mujoco_env.py", line 13, in <module>
    import mujoco
ModuleNotFoundError: No module named 'mujoco'

The above exception was the direct cause of the following exception:

Traceback (most recent call last):
  File "/usr/lib64/python3.9/multiprocessing/process.py", line 315, in _bootstrap
    self.run()
  File "/usr/lib64/python3.9/multiprocessing/process.py", line 108, in run
    self._target(*self._args, **self._kwargs)
  File "/storage/ice1/1/9/adantuluri7/mujoco_gp_vip/rl/lib64/python3.9/site-packages/stable_baselines3/common/vec_env/subproc_vec_env.py", line 29, in _worker
    env = _patch_env(env_fn_wrapper.var())
  File "/storage/ice1/1/9/adantuluri7/mujoco_gp_vip/train.py", line 11, in _init
    env = gym.make("HalfCheetah-v4")
  File "/storage/ice1/1/9/adantuluri7/mujoco_gp_vip/rl/lib64/python3.9/site-packages/gymnasium/envs/registration.py", line 704, in make
    env_creator = load_env_creator(env_spec.entry_point)
  File "/storage/ice1/1/9/adantuluri7/mujoco_gp_vip/rl/lib64/python3.9/site-packages/gymnasium/envs/registration.py", line 551, in load_env_creator
    mod = importlib.import_module(mod_name)
  File "/usr/lib64/python3.9/importlib/__init__.py", line 127, in import_module
    return _bootstrap._gcd_import(name[level:], package, level)
  File "<frozen importlib._bootstrap>", line 1030, in _gcd_import
  File "<frozen importlib._bootstrap>", line 1007, in _find_and_load
  File "<frozen importlib._bootstrap>", line 972, in _find_and_load_unlocked
  File "<frozen importlib._bootstrap>", line 228, in _call_with_frames_removed
  File "<frozen importlib._bootstrap>", line 1030, in _gcd_import
  File "<frozen importlib._bootstrap>", line 1007, in _find_and_load
  File "<frozen importlib._bootstrap>", line 986, in _find_and_load_unlocked
  File "<frozen importlib._bootstrap>", line 680, in _load_unlocked
  File "<frozen importlib._bootstrap_external>", line 850, in exec_module
  File "<frozen importlib._bootstrap>", line 228, in _call_with_frames_removed
  File "/storage/ice1/1/9/adantuluri7/mujoco_gp_vip/rl/lib64/python3.9/site-packages/gymnasium/envs/mujoco/__init__.py", line 1, in <module>
    from gymnasium.envs.mujoco.mujoco_env import MujocoEnv
  File "/storage/ice1/1/9/adantuluri7/mujoco_gp_vip/rl/lib64/python3.9/site-packages/gymnasium/envs/mujoco/mujoco_env.py", line 15, in <module>
    raise error.DependencyNotInstalled(
gymnasium.error.DependencyNotInstalled: MuJoCo is not installed, run `pip install "gymnasium[mujoco]"`
Process ForkServerProcess-5:
Traceback (most recent call last):
  File "/storage/ice1/1/9/adantuluri7/mujoco_gp_vip/rl/lib64/python3.9/site-packages/gymnasium/envs/mujoco/mujoco_env.py", line 13, in <module>
    import mujoco
ModuleNotFoundError: No module named 'mujoco'

The above exception was the direct cause of the following exception:

Traceback (most recent call last):
Traceback (most recent call last):
  File "/usr/lib64/python3.9/multiprocessing/process.py", line 315, in _bootstrap
    self.run()
  File "/usr/lib64/python3.9/multiprocessing/process.py", line 108, in run
    self._target(*self._args, **self._kwargs)
  File "/storage/ice1/1/9/adantuluri7/mujoco_gp_vip/rl/lib64/python3.9/site-packages/gymnasium/envs/mujoco/mujoco_env.py", line 13, in <module>
    import mujoco
  File "/storage/ice1/1/9/adantuluri7/mujoco_gp_vip/rl/lib64/python3.9/site-packages/stable_baselines3/common/vec_env/subproc_vec_env.py", line 29, in _worker
    env = _patch_env(env_fn_wrapper.var())
  File "/storage/ice1/1/9/adantuluri7/mujoco_gp_vip/train.py", line 11, in _init
    env = gym.make("HalfCheetah-v4")
ModuleNotFoundError: No module named 'mujoco'
  File "/storage/ice1/1/9/adantuluri7/mujoco_gp_vip/rl/lib64/python3.9/site-packages/gymnasium/envs/registration.py", line 704, in make
    env_creator = load_env_creator(env_spec.entry_point)

The above exception was the direct cause of the following exception:

  File "/storage/ice1/1/9/adantuluri7/mujoco_gp_vip/rl/lib64/python3.9/site-packages/gymnasium/envs/registration.py", line 551, in load_env_creator
    mod = importlib.import_module(mod_name)
Traceback (most recent call last):
  File "/usr/lib64/python3.9/importlib/__init__.py", line 127, in import_module
    return _bootstrap._gcd_import(name[level:], package, level)
  File "<frozen importlib._bootstrap>", line 1030, in _gcd_import
  File "<frozen importlib._bootstrap>", line 1007, in _find_and_load
  File "<frozen importlib._bootstrap>", line 972, in _find_and_load_unlocked
  File "<frozen importlib._bootstrap>", line 228, in _call_with_frames_removed
  File "<frozen importlib._bootstrap>", line 1030, in _gcd_import
  File "/usr/lib64/python3.9/multiprocessing/process.py", line 315, in _bootstrap
    self.run()
  File "<frozen importlib._bootstrap>", line 1007, in _find_and_load
  File "/usr/lib64/python3.9/multiprocessing/process.py", line 108, in run
    self._target(*self._args, **self._kwargs)
  File "<frozen importlib._bootstrap>", line 986, in _find_and_load_unlocked
  File "/storage/ice1/1/9/adantuluri7/mujoco_gp_vip/rl/lib64/python3.9/site-packages/stable_baselines3/common/vec_env/subproc_vec_env.py", line 29, in _worker
    env = _patch_env(env_fn_wrapper.var())
  File "<frozen importlib._bootstrap>", line 680, in _load_unlocked
Traceback (most recent call last):
  File "/storage/ice1/1/9/adantuluri7/mujoco_gp_vip/train.py", line 11, in _init
    env = gym.make("HalfCheetah-v4")
  File "<frozen importlib._bootstrap_external>", line 850, in exec_module
  File "/storage/ice1/1/9/adantuluri7/mujoco_gp_vip/rl/lib64/python3.9/site-packages/gymnasium/envs/registration.py", line 704, in make
    env_creator = load_env_creator(env_spec.entry_point)
  File "/storage/ice1/1/9/adantuluri7/mujoco_gp_vip/rl/lib64/python3.9/site-packages/gymnasium/envs/mujoco/mujoco_env.py", line 13, in <module>
    import mujoco
  File "<frozen importlib._bootstrap>", line 228, in _call_with_frames_removed
  File "/storage/ice1/1/9/adantuluri7/mujoco_gp_vip/rl/lib64/python3.9/site-packages/gymnasium/envs/registration.py", line 551, in load_env_creator
    mod = importlib.import_module(mod_name)
  File "/storage/ice1/1/9/adantuluri7/mujoco_gp_vip/rl/lib64/python3.9/site-packages/gymnasium/envs/mujoco/__init__.py", line 1, in <module>
    from gymnasium.envs.mujoco.mujoco_env import MujocoEnv
ModuleNotFoundError: No module named 'mujoco'
  File "/usr/lib64/python3.9/importlib/__init__.py", line 127, in import_module
    return _bootstrap._gcd_import(name[level:], package, level)
  File "/storage/ice1/1/9/adantuluri7/mujoco_gp_vip/rl/lib64/python3.9/site-packages/gymnasium/envs/mujoco/mujoco_env.py", line 15, in <module>
    raise error.DependencyNotInstalled(

The above exception was the direct cause of the following exception:

  File "<frozen importlib._bootstrap>", line 1030, in _gcd_import
gymnasium.error.DependencyNotInstalled: MuJoCo is not installed, run `pip install "gymnasium[mujoco]"`
Traceback (most recent call last):
  File "<frozen importlib._bootstrap>", line 1007, in _find_and_load
  File "<frozen importlib._bootstrap>", line 972, in _find_and_load_unlocked
  File "<frozen importlib._bootstrap>", line 228, in _call_with_frames_removed
  File "<frozen importlib._bootstrap>", line 1030, in _gcd_import
  File "<frozen importlib._bootstrap>", line 1007, in _find_and_load
  File "<frozen importlib._bootstrap>", line 986, in _find_and_load_unlocked
  File "<frozen importlib._bootstrap>", line 680, in _load_unlocked
  File "/usr/lib64/python3.9/multiprocessing/process.py", line 315, in _bootstrap
    self.run()
  File "<frozen importlib._bootstrap_external>", line 850, in exec_module
  File "/usr/lib64/python3.9/multiprocessing/process.py", line 108, in run
    self._target(*self._args, **self._kwargs)
  File "<frozen importlib._bootstrap>", line 228, in _call_with_frames_removed
  File "/storage/ice1/1/9/adantuluri7/mujoco_gp_vip/rl/lib64/python3.9/site-packages/stable_baselines3/common/vec_env/subproc_vec_env.py", line 29, in _worker
    env = _patch_env(env_fn_wrapper.var())
  File "/storage/ice1/1/9/adantuluri7/mujoco_gp_vip/rl/lib64/python3.9/site-packages/gymnasium/envs/mujoco/__init__.py", line 1, in <module>
    from gymnasium.envs.mujoco.mujoco_env import MujocoEnv
  File "/storage/ice1/1/9/adantuluri7/mujoco_gp_vip/train.py", line 11, in _init
    env = gym.make("HalfCheetah-v4")
  File "/storage/ice1/1/9/adantuluri7/mujoco_gp_vip/rl/lib64/python3.9/site-packages/gymnasium/envs/mujoco/mujoco_env.py", line 15, in <module>
    raise error.DependencyNotInstalled(
  File "/storage/ice1/1/9/adantuluri7/mujoco_gp_vip/rl/lib64/python3.9/site-packages/gymnasium/envs/registration.py", line 704, in make
    env_creator = load_env_creator(env_spec.entry_point)
gymnasium.error.DependencyNotInstalled: MuJoCo is not installed, run `pip install "gymnasium[mujoco]"`
  File "/storage/ice1/1/9/adantuluri7/mujoco_gp_vip/rl/lib64/python3.9/site-packages/gymnasium/envs/registration.py", line 551, in load_env_creator
    mod = importlib.import_module(mod_name)
  File "/usr/lib64/python3.9/importlib/__init__.py", line 127, in import_module
    return _bootstrap._gcd_import(name[level:], package, level)
  File "<frozen importlib._bootstrap>", line 1030, in _gcd_import
  File "<frozen importlib._bootstrap>", line 1007, in _find_and_load
  File "<frozen importlib._bootstrap>", line 972, in _find_and_load_unlocked
  File "<frozen importlib._bootstrap>", line 228, in _call_with_frames_removed
  File "<frozen importlib._bootstrap>", line 1030, in _gcd_import
  File "<frozen importlib._bootstrap>", line 1007, in _find_and_load
  File "<frozen importlib._bootstrap>", line 986, in _find_and_load_unlocked
  File "<frozen importlib._bootstrap>", line 680, in _load_unlocked
  File "<frozen importlib._bootstrap_external>", line 850, in exec_module
  File "<frozen importlib._bootstrap>", line 228, in _call_with_frames_removed
  File "/storage/ice1/1/9/adantuluri7/mujoco_gp_vip/rl/lib64/python3.9/site-packages/gymnasium/envs/mujoco/__init__.py", line 1, in <module>
    from gymnasium.envs.mujoco.mujoco_env import MujocoEnv
  File "/storage/ice1/1/9/adantuluri7/mujoco_gp_vip/rl/lib64/python3.9/site-packages/gymnasium/envs/mujoco/mujoco_env.py", line 15, in <module>
    raise error.DependencyNotInstalled(
gymnasium.error.DependencyNotInstalled: MuJoCo is not installed, run `pip install "gymnasium[mujoco]"`
Traceback (most recent call last):
  File "/storage/ice1/1/9/adantuluri7/mujoco_gp_vip/rl/lib64/python3.9/site-packages/gymnasium/envs/mujoco/mujoco_env.py", line 13, in <module>
    import mujoco
ModuleNotFoundError: No module named 'mujoco'

The above exception was the direct cause of the following exception:

Traceback (most recent call last):
  File "/usr/lib64/python3.9/multiprocessing/process.py", line 315, in _bootstrap
    self.run()
  File "/usr/lib64/python3.9/multiprocessing/process.py", line 108, in run
    self._target(*self._args, **self._kwargs)
  File "/storage/ice1/1/9/adantuluri7/mujoco_gp_vip/rl/lib64/python3.9/site-packages/stable_baselines3/common/vec_env/subproc_vec_env.py", line 29, in _worker
    env = _patch_env(env_fn_wrapper.var())
  File "/storage/ice1/1/9/adantuluri7/mujoco_gp_vip/train.py", line 11, in _init
    env = gym.make("HalfCheetah-v4")
  File "/storage/ice1/1/9/adantuluri7/mujoco_gp_vip/rl/lib64/python3.9/site-packages/gymnasium/envs/registration.py", line 704, in make
    env_creator = load_env_creator(env_spec.entry_point)
  File "/storage/ice1/1/9/adantuluri7/mujoco_gp_vip/rl/lib64/python3.9/site-packages/gymnasium/envs/registration.py", line 551, in load_env_creator
    mod = importlib.import_module(mod_name)
  File "/usr/lib64/python3.9/importlib/__init__.py", line 127, in import_module
    return _bootstrap._gcd_import(name[level:], package, level)
  File "<frozen importlib._bootstrap>", line 1030, in _gcd_import
  File "<frozen importlib._bootstrap>", line 1007, in _find_and_load
  File "<frozen importlib._bootstrap>", line 972, in _find_and_load_unlocked
  File "<frozen importlib._bootstrap>", line 228, in _call_with_frames_removed
  File "<frozen importlib._bootstrap>", line 1030, in _gcd_import
  File "<frozen importlib._bootstrap>", line 1007, in _find_and_load
  File "<frozen importlib._bootstrap>", line 986, in _find_and_load_unlocked
  File "<frozen importlib._bootstrap>", line 680, in _load_unlocked
  File "<frozen importlib._bootstrap_external>", line 850, in exec_module
  File "<frozen importlib._bootstrap>", line 228, in _call_with_frames_removed
  File "/storage/ice1/1/9/adantuluri7/mujoco_gp_vip/rl/lib64/python3.9/site-packages/gymnasium/envs/mujoco/__init__.py", line 1, in <module>
    from gymnasium.envs.mujoco.mujoco_env import MujocoEnv
  File "/storage/ice1/1/9/adantuluri7/mujoco_gp_vip/rl/lib64/python3.9/site-packages/gymnasium/envs/mujoco/mujoco_env.py", line 15, in <module>
    raise error.DependencyNotInstalled(
gymnasium.error.DependencyNotInstalled: MuJoCo is not installed, run `pip install "gymnasium[mujoco]"`
Traceback (most recent call last):
  File "/storage/ice1/1/9/adantuluri7/mujoco_gp_vip/rl/lib64/python3.9/site-packages/gymnasium/envs/mujoco/mujoco_env.py", line 13, in <module>
    import mujoco
ModuleNotFoundError: No module named 'mujoco'

The above exception was the direct cause of the following exception:

Traceback (most recent call last):
  File "/usr/lib64/python3.9/multiprocessing/process.py", line 315, in _bootstrap
    self.run()
  File "/usr/lib64/python3.9/multiprocessing/process.py", line 108, in run
    self._target(*self._args, **self._kwargs)
  File "/storage/ice1/1/9/adantuluri7/mujoco_gp_vip/rl/lib64/python3.9/site-packages/stable_baselines3/common/vec_env/subproc_vec_env.py", line 29, in _worker
    env = _patch_env(env_fn_wrapper.var())
  File "/storage/ice1/1/9/adantuluri7/mujoco_gp_vip/train.py", line 11, in _init
    env = gym.make("HalfCheetah-v4")
  File "/storage/ice1/1/9/adantuluri7/mujoco_gp_vip/rl/lib64/python3.9/site-packages/gymnasium/envs/registration.py", line 704, in make
    env_creator = load_env_creator(env_spec.entry_point)
  File "/storage/ice1/1/9/adantuluri7/mujoco_gp_vip/rl/lib64/python3.9/site-packages/gymnasium/envs/registration.py", line 551, in load_env_creator
    mod = importlib.import_module(mod_name)
  File "/usr/lib64/python3.9/importlib/__init__.py", line 127, in import_module
    return _bootstrap._gcd_import(name[level:], package, level)
  File "<frozen importlib._bootstrap>", line 1030, in _gcd_import
  File "<frozen importlib._bootstrap>", line 1007, in _find_and_load
  File "<frozen importlib._bootstrap>", line 972, in _find_and_load_unlocked
  File "<frozen importlib._bootstrap>", line 228, in _call_with_frames_removed
  File "<frozen importlib._bootstrap>", line 1030, in _gcd_import
  File "<frozen importlib._bootstrap>", line 1007, in _find_and_load
  File "<frozen importlib._bootstrap>", line 986, in _find_and_load_unlocked
  File "<frozen importlib._bootstrap>", line 680, in _load_unlocked
  File "<frozen importlib._bootstrap_external>", line 850, in exec_module
  File "<frozen importlib._bootstrap>", line 228, in _call_with_frames_removed
  File "/storage/ice1/1/9/adantuluri7/mujoco_gp_vip/rl/lib64/python3.9/site-packages/gymnasium/envs/mujoco/__init__.py", line 1, in <module>
    from gymnasium.envs.mujoco.mujoco_env import MujocoEnv
  File "/storage/ice1/1/9/adantuluri7/mujoco_gp_vip/rl/lib64/python3.9/site-packages/gymnasium/envs/mujoco/mujoco_env.py", line 15, in <module>
    raise error.DependencyNotInstalled(
gymnasium.error.DependencyNotInstalled: MuJoCo is not installed, run `pip install "gymnasium[mujoco]"`
Traceback (most recent call last):
  File "/storage/ice1/1/9/adantuluri7/mujoco_gp_vip/train.py", line 54, in <module>
    main()
  File "/storage/ice1/1/9/adantuluri7/mujoco_gp_vip/train.py", line 25, in main
    env = SubprocVecEnv([make_env(seed, i) for i in range(n_envs)])
  File "/storage/ice1/1/9/adantuluri7/mujoco_gp_vip/rl/lib64/python3.9/site-packages/stable_baselines3/common/vec_env/subproc_vec_env.py", line 127, in __init__
    observation_space, action_space = self.remotes[0].recv()
  File "/usr/lib64/python3.9/multiprocessing/connection.py", line 254, in recv
    buf = self._recv_bytes()
  File "/usr/lib64/python3.9/multiprocessing/connection.py", line 418, in _recv_bytes
    buf = self._recv(4)
  File "/usr/lib64/python3.9/multiprocessing/connection.py", line 383, in _recv
    chunk = read(handle, remaining)
ConnectionResetError: [Errno 104] Connection reset by peer
