---------------------------------------
Begin Slurm Prolog: Feb-13-2026 00:13:42
Job ID:    4075120
User ID:   adantuluri7
Account:   coc
Job name:  ppo_halfcheetah
Partition: coe-gpu
QOS:       coe-ice
---------------------------------------
Starting training at Fri Feb 13 00:13:43 EST 2026
Running on atl1-1-03-010-10-0.pace.gatech.edu
Finished at Fri Feb 13 00:13:43 EST 2026
---------------------------------------
Begin Slurm Epilog: Feb-13-2026 00:13:43
Job ID:        4075120
User ID:       adantuluri7
Account:       coc
Job name:      ppo_halfcheetah
Resources:     cpu=8,gres/gpu:h100=1,mem=32G,node=1
Rsrc Used:     cput=00:00:16,vmem=0,walltime=00:00:02,mem=8660K,energy_used=0
Partition:     coe-gpu
QOS:           coe-ice
Nodes:         atl1-1-03-010-10-0
---------------------------------------
